2026-08-25 02:32:13.732: [INFO] CurrentProfilePath: D:\Arun company details\Final -Company details-Aptean\Eclipse\Practice selenium\Opencart121\.metadata\.plugins\org.eclipse.swt\EBWebView\Default
2026-08-25 02:32:13.732: [INFO] Profiles total count: 1
2026-08-25 02:32:13.732: [INFO] Profile: name=Profile 1 path=D:\Arun company details\Final -Company details-Aptean\Eclipse\Practice selenium\Opencart121\.metadata\.plugins\org.eclipse.swt\EBWebView\Default lastActive=null
2026-08-25 02:32:13.732: [INFO] LastUsedProfileDir: D:\Arun company details\Final -Company details-Aptean\Eclipse\Practice selenium\Opencart121\.metadata\.plugins\org.eclipse.swt\EBWebView\Default
2026-08-25 02:32:13.732: [INFO] OnDoneLoading sync enabled: 0
2026-08-25 02:32:13.732: [INFO] BookmarkModelLoaded, ids_reassigned: 0
2026-08-25 02:32:13.732: [INFO] BookmarksLoadDropped droppedNodes=0
2026-08-25 02:32:13.732: [INFO] BookmarksSnapshot Startup total=0 bar=0 other=0 mobile=0 showBar=0 showBarNTP=1
2026-08-25 02:32:17.244: [INFO] BookmarksSnapshot Shutdown total=0 bar=0 other=0 mobile=0 showBar=0 showBarNTP=1
2026-08-25 02:32:23.641: [INFO] CurrentProfilePath: D:\Arun company details\Final -Company details-Aptean\Eclipse\Practice selenium\Opencart121\.metadata\.plugins\org.eclipse.swt\EBWebView\Default
2026-08-25 02:32:23.641: [INFO] Profiles total count: 1
2026-08-25 02:32:23.642: [INFO] Profile: name=Profile 1 path=D:\Arun company details\Final -Company details-Aptean\Eclipse\Practice selenium\Opencart121\.metadata\.plugins\org.eclipse.swt\EBWebView\Default lastActive=2026-08-25T02:32:14.058Z
2026-08-25 02:32:23.642: [INFO] LastUsedProfileDir: D:\Arun company details\Final -Company details-Aptean\Eclipse\Practice selenium\Opencart121\.metadata\.plugins\org.eclipse.swt\EBWebView\Default
2026-08-25 02:32:23.642: [INFO] MostRecentlyActiveProfile: name=Profile 1 path=D:\Arun company details\Final -Company details-Aptean\Eclipse\Practice selenium\Opencart121\.metadata\.plugins\org.eclipse.swt\EBWebView\Default lastActive=2026-08-25T02:32:14.058Z
2026-08-25 02:32:23.642: [INFO] OnDoneLoading sync enabled: 0
2026-08-25 02:32:23.642: [INFO] BookmarkModelLoaded, ids_reassigned: 0
2026-08-25 02:32:23.642: [INFO] BookmarksLoadDropped droppedNodes=0
2026-08-25 02:32:23.642: [INFO] BookmarksSnapshot Startup total=0 bar=0 other=0 mobile=0 showBar=0 showBarNTP=1
2026-08-25 02:32:30.012: [INFO] BookmarksSnapshot Shutdown total=0 bar=0 other=0 mobile=0 showBar=0 showBarNTP=1
2026-08-25 02:32:52.795: [INFO] CurrentProfilePath: D:\Arun company details\Final -Company details-Aptean\Eclipse\Practice selenium\Opencart121\.metadata\.plugins\org.eclipse.swt\EBWebView\Default
2026-08-25 02:32:52.795: [INFO] Profiles total count: 1
2026-08-25 02:32:52.795: [INFO] Profile: name=Profile 1 path=D:\Arun company details\Final -Company details-Aptean\Eclipse\Practice selenium\Opencart121\.metadata\.plugins\org.eclipse.swt\EBWebView\Default lastActive=2026-08-25T02:32:29.651Z
2026-08-25 02:32:52.795: [INFO] LastUsedProfileDir: D:\Arun company details\Final -Company details-Aptean\Eclipse\Practice selenium\Opencart121\.metadata\.plugins\org.eclipse.swt\EBWebView\Default
2026-08-25 02:32:52.795: [INFO] MostRecentlyActiveProfile: name=Profile 1 path=D:\Arun company details\Final -Company details-Aptean\Eclipse\Practice selenium\Opencart121\.metadata\.plugins\org.eclipse.swt\EBWebView\Default lastActive=2026-08-25T02:32:29.651Z
2026-08-25 02:32:52.795: [INFO] OnDoneLoading sync enabled: 0
2026-08-25 02:32:52.795: [INFO] BookmarkModelLoaded, ids_reassigned: 0
2026-08-25 02:32:52.795: [INFO] BookmarksLoadDropped droppedNodes=0
2026-08-25 02:32:52.795: [INFO] BookmarksSnapshot Startup total=0 bar=0 other=0 mobile=0 showBar=0 showBarNTP=1
2026-08-25 02:33:51.570: [INFO] BookmarksSnapshot Shutdown total=0 bar=0 other=0 mobile=0 showBar=0 showBarNTP=1
2026-08-28 10:48:29.593: [INFO] CurrentProfilePath: D:\Arun company details -fianl septe\Final -Company details-Aptean\Eclipse\Practice selenium\Opencart121\.metadata\.plugins\org.eclipse.swt\EBWebView\Default
2026-08-28 10:48:29.593: [INFO] Profiles total count: 1
2026-08-28 10:48:29.594: [INFO] Profile: name=Profile 1 path=D:\Arun company details -fianl septe\Final -Company details-Aptean\Eclipse\Practice selenium\Opencart121\.metadata\.plugins\org.eclipse.swt\EBWebView\Default lastActive=2026-08-25T02:33:17.941Z
2026-08-28 10:48:29.594: [INFO] LastUsedProfileDir: D:\Arun company details -fianl septe\Final -Company details-Aptean\Eclipse\Practice selenium\Opencart121\.metadata\.plugins\org.eclipse.swt\EBWebView\Default
2026-08-28 10:48:29.594: [INFO] MostRecentlyActiveProfile: name=Profile 1 path=D:\Arun company details -fianl septe\Final -Company details-Aptean\Eclipse\Practice selenium\Opencart121\.metadata\.plugins\org.eclipse.swt\EBWebView\Default lastActive=2026-08-25T02:33:17.941Z
2026-08-28 10:48:29.594: [INFO] OnDoneLoading sync enabled: 0
2026-08-28 10:48:29.594: [INFO] BookmarkModelLoaded, ids_reassigned: 0
2026-08-28 10:48:29.594: [INFO] BookmarksLoadDropped droppedNodes=0
2026-08-28 10:48:29.594: [INFO] BookmarksSnapshot Startup total=0 bar=0 other=0 mobile=0 showBar=0 showBarNTP=1
2026-08-28 10:48:47.873: [INFO] BookmarksSnapshot Shutdown total=0 bar=0 other=0 mobile=0 showBar=0 showBarNTP=1
